2025-10-07 09:49:34,918 [INFO] connected None
2025-10-07 09:51:24,475 [INFO] connected None
2025-10-07 09:52:19,746 [INFO] connected None
2025-10-07 10:21:21,626 [INFO] connected 200
2025-10-07 10:23:37,556 [INFO] connected 200
2025-10-07 10:44:58,772 [INFO] connected 200
2025-10-07 10:46:15,955 [INFO] connected 200
2025-10-07 10:47:52,149 [INFO] connected 200
2025-10-07 10:58:47,678 [INFO] connected 200
2025-10-07 10:59:39,721 [INFO] Connected 200
2025-10-07 10:59:39,772 [INFO] Added currency: sekee (🪙)
2025-10-07 11:00:12,458 [INFO] Connected 200
2025-10-07 11:00:12,468 [INFO] Currency already exists: sekee
2025-10-07 11:04:44,314 [INFO] Connected 200
2025-10-07 11:04:44,348 [INFO] Currency already exists: sekee
2025-10-07 11:04:46,868 [INFO] Connected 200
2025-10-07 11:04:46,895 [INFO] Currency already exists: sekee
2025-10-07 11:05:35,804 [INFO] Connected 200
2025-10-07 11:05:35,830 [INFO] Currency already exists: sekee
2025-10-07 11:05:35,861 [INFO] Added currency_info: 1,125,050,000 (2025-10-06 00:00:00)
2025-10-07 11:05:35,884 [INFO] Added currency: gold-18 (🥇)
2025-10-07 11:05:35,913 [INFO] Added currency_info: 106130000 (2025-10-07 10:32:19)
2025-10-07 11:05:35,932 [INFO] Added currency: dollar ($)
2025-10-07 11:05:35,957 [INFO] Added currency_info: 1,111,600 (2025-10-06 00:00:00)
2025-10-07 11:05:35,977 [INFO] Added currency: euro (€)
2025-10-07 11:05:35,998 [INFO] Added currency_info: 1,301,500 (2025-10-06 00:00:00)
2025-10-07 11:57:28,170 [INFO] Connected 200
2025-10-07 11:57:28,188 [INFO] Currency already exists: sekee
2025-10-07 11:57:28,208 [INFO] Added currency_info: 1,120,050,000 (2025-10-07 11:32:24)
2025-10-07 11:57:28,209 [INFO] Currency already exists: gold-18
2025-10-07 11:57:28,225 [INFO] Added currency_info: 106160000 (2025-10-07 11:32:22)
2025-10-07 11:57:28,226 [INFO] Currency already exists: dollar
2025-10-07 11:57:28,242 [INFO] Added currency_info: 1,113,400 (2025-10-07 11:32:24)
2025-10-07 11:57:28,244 [INFO] Currency already exists: euro
2025-10-07 11:57:28,260 [INFO] Added currency_info: 1,300,700 (2025-10-07 11:32:24)
2025-10-07 11:57:28,261 [INFO] Sleeping for 30 minutes...
2025-10-07 11:57:29,591 [INFO] Connected 200
2025-10-07 11:57:29,600 [INFO] Currency already exists: sekee
2025-10-07 11:57:29,620 [INFO] Added currency_info: 1,120,050,000 (2025-10-07 11:32:24)
2025-10-07 11:57:29,623 [INFO] Currency already exists: gold-18
2025-10-07 11:57:29,650 [INFO] Added currency_info: 106160000 (2025-10-07 11:32:22)
2025-10-07 11:57:29,653 [INFO] Currency already exists: dollar
2025-10-07 11:57:29,673 [INFO] Added currency_info: 1,113,400 (2025-10-07 11:32:24)
2025-10-07 11:57:29,677 [INFO] Currency already exists: euro
2025-10-07 11:57:29,697 [INFO] Added currency_info: 1,300,700 (2025-10-07 11:32:24)
2025-10-07 11:57:29,701 [INFO] Sleeping for 30 minutes...
2025-10-07 11:57:31,045 [INFO] Connected 200
2025-10-07 11:57:31,054 [INFO] Currency already exists: sekee
2025-10-07 11:57:31,075 [INFO] Added currency_info: 1,120,050,000 (2025-10-07 11:32:24)
2025-10-07 11:57:31,078 [INFO] Currency already exists: gold-18
2025-10-07 11:57:31,100 [INFO] Added currency_info: 106160000 (2025-10-07 11:32:22)
2025-10-07 11:57:31,105 [INFO] Currency already exists: dollar
2025-10-07 11:57:31,128 [INFO] Added currency_info: 1,113,400 (2025-10-07 11:32:24)
2025-10-07 11:57:31,133 [INFO] Currency already exists: euro
2025-10-07 11:57:31,169 [INFO] Added currency_info: 1,300,700 (2025-10-07 11:32:24)
2025-10-07 11:57:31,180 [INFO] Sleeping for 30 minutes...
2025-10-07 11:57:32,497 [INFO] Connected 200
2025-10-07 11:57:32,505 [INFO] Currency already exists: sekee
2025-10-07 11:57:32,525 [INFO] Added currency_info: 1,120,050,000 (2025-10-07 11:32:24)
2025-10-07 11:57:32,528 [INFO] Currency already exists: gold-18
2025-10-07 11:57:32,548 [INFO] Added currency_info: 106160000 (2025-10-07 11:32:22)
2025-10-07 11:57:32,551 [INFO] Currency already exists: dollar
2025-10-07 11:57:32,570 [INFO] Added currency_info: 1,113,400 (2025-10-07 11:32:24)
2025-10-07 11:57:32,574 [INFO] Currency already exists: euro
2025-10-07 11:57:32,603 [INFO] Added currency_info: 1,300,700 (2025-10-07 11:32:24)
2025-10-07 11:57:32,608 [INFO] Sleeping for 30 minutes...
2025-10-07 11:57:33,937 [INFO] Connected 200
2025-10-07 11:57:33,946 [INFO] Currency already exists: sekee
2025-10-07 11:57:33,965 [INFO] Added currency_info: 1,120,050,000 (2025-10-07 11:32:24)
2025-10-07 11:57:33,968 [INFO] Currency already exists: gold-18
2025-10-07 11:57:33,989 [INFO] Added currency_info: 106160000 (2025-10-07 11:32:22)
2025-10-07 11:57:33,992 [INFO] Currency already exists: dollar
2025-10-07 11:57:34,013 [INFO] Added currency_info: 1,113,400 (2025-10-07 11:32:24)
2025-10-07 11:57:34,016 [INFO] Currency already exists: euro
2025-10-07 11:57:34,042 [INFO] Added currency_info: 1,300,700 (2025-10-07 11:32:24)
2025-10-07 11:57:34,046 [INFO] Sleeping for 30 minutes...
2025-10-07 11:57:35,377 [INFO] Connected 200
2025-10-07 11:57:35,386 [INFO] Currency already exists: sekee
2025-10-07 11:57:35,407 [INFO] Added currency_info: 1,120,050,000 (2025-10-07 11:32:24)
2025-10-07 11:57:35,411 [INFO] Currency already exists: gold-18
2025-10-07 11:57:35,432 [INFO] Added currency_info: 106160000 (2025-10-07 11:32:22)
2025-10-07 11:57:35,435 [INFO] Currency already exists: dollar
2025-10-07 11:57:35,457 [INFO] Added currency_info: 1,113,400 (2025-10-07 11:32:24)
2025-10-07 11:57:35,462 [INFO] Currency already exists: euro
2025-10-07 11:57:35,483 [INFO] Added currency_info: 1,300,700 (2025-10-07 11:32:24)
2025-10-07 11:57:35,488 [INFO] Sleeping for 30 minutes...
2025-10-07 11:57:36,785 [INFO] Connected 200
2025-10-07 11:57:36,795 [INFO] Currency already exists: sekee
2025-10-07 11:57:36,820 [INFO] Added currency_info: 1,120,050,000 (2025-10-07 11:32:24)
2025-10-07 11:57:36,824 [INFO] Currency already exists: gold-18
2025-10-07 11:57:36,845 [INFO] Added currency_info: 106160000 (2025-10-07 11:32:22)
2025-10-07 11:57:36,850 [INFO] Currency already exists: dollar
2025-10-07 11:57:36,872 [INFO] Added currency_info: 1,113,400 (2025-10-07 11:32:24)
2025-10-07 11:57:36,875 [INFO] Currency already exists: euro
2025-10-07 11:57:36,896 [INFO] Added currency_info: 1,300,700 (2025-10-07 11:32:24)
2025-10-07 11:57:36,900 [INFO] Sleeping for 30 minutes...
2025-10-07 11:57:38,235 [INFO] Connected 200
2025-10-07 11:57:38,245 [INFO] Currency already exists: sekee
2025-10-07 11:57:38,266 [INFO] Added currency_info: 1,120,050,000 (2025-10-07 11:32:24)
2025-10-07 11:57:38,269 [INFO] Currency already exists: gold-18
2025-10-07 11:57:38,291 [INFO] Added currency_info: 106160000 (2025-10-07 11:32:22)
2025-10-07 11:57:38,294 [INFO] Currency already exists: dollar
2025-10-07 11:57:38,314 [INFO] Added currency_info: 1,113,400 (2025-10-07 11:32:24)
2025-10-07 11:57:38,318 [INFO] Currency already exists: euro
2025-10-07 11:57:38,339 [INFO] Added currency_info: 1,300,700 (2025-10-07 11:32:24)
2025-10-07 11:57:38,346 [INFO] Sleeping for 30 minutes...
2025-10-07 11:57:39,692 [INFO] Connected 200
2025-10-07 11:57:39,703 [INFO] Currency already exists: sekee
2025-10-07 11:57:39,725 [INFO] Added currency_info: 1,120,050,000 (2025-10-07 11:32:24)
2025-10-07 11:57:39,729 [INFO] Currency already exists: gold-18
2025-10-07 11:57:39,751 [INFO] Added currency_info: 106160000 (2025-10-07 11:32:22)
2025-10-07 11:57:39,754 [INFO] Currency already exists: dollar
2025-10-07 11:57:39,775 [INFO] Added currency_info: 1,113,400 (2025-10-07 11:32:24)
2025-10-07 11:57:39,780 [INFO] Currency already exists: euro
2025-10-07 11:57:39,802 [INFO] Added currency_info: 1,300,700 (2025-10-07 11:32:24)
2025-10-07 11:57:39,806 [INFO] Sleeping for 30 minutes...
2025-10-07 12:22:55,300 [INFO] Connected 200
2025-10-07 12:22:55,362 [INFO] Added currency: sekee (🪙)
2025-10-07 12:24:44,922 [INFO] Connected 200
2025-10-07 12:24:44,963 [INFO] Currency already exists: sekee
2025-10-07 12:24:44,981 [INFO] Added currency_info: 1120050000 (2025-10-07 11:32:24)
2025-10-07 12:24:44,998 [INFO] Added currency: gold-18 (🥇)
2025-10-07 12:24:45,013 [INFO] Added currency_info: 106160000 (2025-10-07 11:32:22)
2025-10-07 12:24:45,025 [INFO] Added currency: dollar ($)
2025-10-07 12:24:45,037 [INFO] Added currency_info: 1113400 (2025-10-07 11:32:24)
2025-10-07 12:24:45,052 [INFO] Added currency: euro (€)
2025-10-07 12:24:45,064 [INFO] Added currency_info: 1300700 (2025-10-07 11:32:24)
2025-10-07 12:24:45,068 [INFO] Sleeping for 30 minutes...
2025-10-07 12:24:46,373 [INFO] Connected 200
2025-10-07 12:24:46,382 [INFO] Currency already exists: sekee
2025-10-07 12:24:46,392 [INFO] Added currency_info: 1120050000 (2025-10-07 11:32:24)
2025-10-07 12:24:46,396 [INFO] Currency already exists: gold-18
2025-10-07 12:24:46,406 [INFO] Added currency_info: 106160000 (2025-10-07 11:32:22)
2025-10-07 12:24:46,410 [INFO] Currency already exists: dollar
2025-10-07 12:24:46,421 [INFO] Added currency_info: 1113400 (2025-10-07 11:32:24)
2025-10-07 12:24:46,425 [INFO] Currency already exists: euro
2025-10-07 12:24:46,438 [INFO] Added currency_info: 1300700 (2025-10-07 11:32:24)
2025-10-07 12:24:46,443 [INFO] Sleeping for 30 minutes...
2025-10-07 12:24:47,785 [INFO] Connected 200
2025-10-07 12:24:47,795 [INFO] Currency already exists: sekee
2025-10-07 12:24:47,805 [INFO] Added currency_info: 1120050000 (2025-10-07 11:32:24)
2025-10-07 12:24:47,809 [INFO] Currency already exists: gold-18
2025-10-07 12:24:47,820 [INFO] Added currency_info: 106160000 (2025-10-07 11:32:22)
2025-10-07 12:24:47,824 [INFO] Currency already exists: dollar
2025-10-07 12:24:47,834 [INFO] Added currency_info: 1113400 (2025-10-07 11:32:24)
2025-10-07 12:24:47,839 [INFO] Currency already exists: euro
2025-10-07 12:24:47,857 [INFO] Added currency_info: 1300700 (2025-10-07 11:32:24)
2025-10-07 12:24:47,860 [INFO] Sleeping for 30 minutes...
2025-10-07 12:24:49,201 [INFO] Connected 200
2025-10-07 12:24:49,211 [INFO] Currency already exists: sekee
2025-10-07 12:24:49,220 [INFO] Added currency_info: 1120050000 (2025-10-07 11:32:24)
2025-10-07 12:24:49,225 [INFO] Currency already exists: gold-18
2025-10-07 12:24:49,236 [INFO] Added currency_info: 106160000 (2025-10-07 11:32:22)
2025-10-07 12:24:49,240 [INFO] Currency already exists: dollar
2025-10-07 12:24:49,250 [INFO] Added currency_info: 1113400 (2025-10-07 11:32:24)
2025-10-07 12:24:49,254 [INFO] Currency already exists: euro
2025-10-07 12:24:49,265 [INFO] Added currency_info: 1300700 (2025-10-07 11:32:24)
2025-10-07 12:24:49,269 [INFO] Sleeping for 30 minutes...
2025-10-07 12:24:50,600 [INFO] Connected 200
2025-10-07 12:24:50,610 [INFO] Currency already exists: sekee
2025-10-07 12:24:50,620 [INFO] Added currency_info: 1120050000 (2025-10-07 11:32:24)
2025-10-07 12:24:50,624 [INFO] Currency already exists: gold-18
2025-10-07 12:24:50,634 [INFO] Added currency_info: 106160000 (2025-10-07 11:32:22)
2025-10-07 12:24:50,639 [INFO] Currency already exists: dollar
2025-10-07 12:24:50,650 [INFO] Added currency_info: 1113400 (2025-10-07 11:32:24)
2025-10-07 12:24:50,654 [INFO] Currency already exists: euro
2025-10-07 12:24:50,667 [INFO] Added currency_info: 1300700 (2025-10-07 11:32:24)
2025-10-07 12:24:50,671 [INFO] Sleeping for 30 minutes...
2025-10-07 12:24:52,046 [INFO] Connected 200
2025-10-07 12:24:52,057 [INFO] Currency already exists: sekee
2025-10-07 12:24:52,073 [INFO] Added currency_info: 1120050000 (2025-10-07 11:32:24)
2025-10-07 12:24:52,077 [INFO] Currency already exists: gold-18
2025-10-07 12:24:52,088 [INFO] Added currency_info: 106160000 (2025-10-07 11:32:22)
2025-10-07 12:24:52,092 [INFO] Currency already exists: dollar
2025-10-07 12:24:52,103 [INFO] Added currency_info: 1113400 (2025-10-07 11:32:24)
2025-10-07 12:24:52,107 [INFO] Currency already exists: euro
2025-10-07 12:24:52,118 [INFO] Added currency_info: 1300700 (2025-10-07 11:32:24)
2025-10-07 12:24:52,122 [INFO] Sleeping for 30 minutes...
2025-10-07 12:24:53,411 [INFO] Connected 200
2025-10-07 12:24:53,418 [INFO] Currency already exists: sekee
2025-10-07 12:24:53,424 [INFO] Added currency_info: 1120050000 (2025-10-07 11:32:24)
2025-10-07 12:24:53,426 [INFO] Currency already exists: gold-18
2025-10-07 12:24:53,434 [INFO] Added currency_info: 106160000 (2025-10-07 11:32:22)
2025-10-07 12:24:53,436 [INFO] Currency already exists: dollar
2025-10-07 12:24:53,443 [INFO] Added currency_info: 1113400 (2025-10-07 11:32:24)
2025-10-07 12:24:53,445 [INFO] Currency already exists: euro
2025-10-07 12:24:53,451 [INFO] Added currency_info: 1300700 (2025-10-07 11:32:24)
2025-10-07 12:24:53,454 [INFO] Sleeping for 30 minutes...
2025-10-07 12:24:54,754 [INFO] Connected 200
2025-10-07 12:24:54,760 [INFO] Currency already exists: sekee
2025-10-07 12:24:54,766 [INFO] Added currency_info: 1120050000 (2025-10-07 11:32:24)
2025-10-07 12:24:54,768 [INFO] Currency already exists: gold-18
2025-10-07 12:24:54,775 [INFO] Added currency_info: 106160000 (2025-10-07 11:32:22)
2025-10-07 12:24:54,777 [INFO] Currency already exists: dollar
2025-10-07 12:24:54,784 [INFO] Added currency_info: 1113400 (2025-10-07 11:32:24)
2025-10-07 12:24:54,786 [INFO] Currency already exists: euro
2025-10-07 12:24:54,797 [INFO] Added currency_info: 1300700 (2025-10-07 11:32:24)
2025-10-07 12:24:54,800 [INFO] Sleeping for 30 minutes...
2025-10-07 12:24:56,078 [INFO] Connected 200
2025-10-07 12:24:56,087 [INFO] Currency already exists: sekee
2025-10-07 12:24:56,096 [INFO] Added currency_info: 1120050000 (2025-10-07 11:32:24)
2025-10-07 12:24:56,100 [INFO] Currency already exists: gold-18
2025-10-07 12:24:56,112 [INFO] Added currency_info: 106160000 (2025-10-07 11:32:22)
2025-10-07 12:24:56,115 [INFO] Currency already exists: dollar
2025-10-07 12:24:56,125 [INFO] Added currency_info: 1113400 (2025-10-07 11:32:24)
2025-10-07 12:24:56,129 [INFO] Currency already exists: euro
2025-10-07 12:24:56,139 [INFO] Added currency_info: 1300700 (2025-10-07 11:32:24)
2025-10-07 12:24:56,144 [INFO] Sleeping for 30 minutes...
2025-10-07 12:35:03,874 [INFO] Connected 200
2025-10-07 12:35:03,935 [INFO] Currency already exists: sekee
2025-10-07 12:35:03,963 [INFO] Added currency_info: 1135100000 (2025-10-07 12:32:29)
2025-10-07 12:35:03,968 [INFO] Currency already exists: gold-18
2025-10-07 12:35:03,980 [INFO] Added currency_info: 107890000 (2025-10-07 12:32:29)
2025-10-07 12:35:03,985 [INFO] Currency already exists: dollar
2025-10-07 12:35:03,995 [INFO] Added currency_info: 1122350 (2025-10-07 12:32:36)
2025-10-07 12:35:03,999 [INFO] Currency already exists: euro
2025-10-07 12:35:04,014 [INFO] Added currency_info: 1310000 (2025-10-07 12:32:36)
2025-10-07 12:35:04,019 [INFO] Sleeping for 30 minutes...
2025-10-07 12:35:05,339 [INFO] Connected 200
2025-10-07 12:35:05,349 [INFO] Currency already exists: sekee
2025-10-07 12:35:05,360 [INFO] Added currency_info: 1135100000 (2025-10-07 12:32:29)
2025-10-07 12:35:05,364 [INFO] Currency already exists: gold-18
2025-10-07 12:35:05,375 [INFO] Added currency_info: 107890000 (2025-10-07 12:32:29)
2025-10-07 12:35:05,379 [INFO] Currency already exists: dollar
2025-10-07 12:35:05,391 [INFO] Added currency_info: 1122350 (2025-10-07 12:32:36)
2025-10-07 12:35:05,395 [INFO] Currency already exists: euro
2025-10-07 12:35:05,411 [INFO] Added currency_info: 1310000 (2025-10-07 12:32:36)
2025-10-07 12:35:05,415 [INFO] Sleeping for 30 minutes...
2025-10-07 12:35:06,787 [INFO] Connected 200
2025-10-07 12:35:06,798 [INFO] Currency already exists: sekee
2025-10-07 12:35:06,809 [INFO] Added currency_info: 1135100000 (2025-10-07 12:32:29)
2025-10-07 12:35:06,813 [INFO] Currency already exists: gold-18
2025-10-07 12:35:06,822 [INFO] Added currency_info: 107890000 (2025-10-07 12:32:29)
2025-10-07 12:35:06,826 [INFO] Currency already exists: dollar
2025-10-07 12:35:06,838 [INFO] Added currency_info: 1122350 (2025-10-07 12:32:36)
2025-10-07 12:35:06,842 [INFO] Currency already exists: euro
2025-10-07 12:35:06,854 [INFO] Added currency_info: 1310000 (2025-10-07 12:32:36)
2025-10-07 12:35:06,857 [INFO] Sleeping for 30 minutes...
2025-10-07 12:35:08,203 [INFO] Connected 200
2025-10-07 12:35:08,216 [INFO] Currency already exists: sekee
2025-10-07 12:35:08,231 [INFO] Added currency_info: 1135100000 (2025-10-07 12:32:29)
2025-10-07 12:35:08,235 [INFO] Currency already exists: gold-18
2025-10-07 12:35:08,246 [INFO] Added currency_info: 107890000 (2025-10-07 12:32:29)
2025-10-07 12:35:08,250 [INFO] Currency already exists: dollar
2025-10-07 12:35:08,261 [INFO] Added currency_info: 1122350 (2025-10-07 12:32:36)
2025-10-07 12:35:08,265 [INFO] Currency already exists: euro
2025-10-07 12:35:08,275 [INFO] Added currency_info: 1310000 (2025-10-07 12:32:36)
2025-10-07 12:35:08,279 [INFO] Sleeping for 30 minutes...
2025-10-07 12:35:09,612 [INFO] Connected 200
2025-10-07 12:35:09,622 [INFO] Currency already exists: sekee
2025-10-07 12:35:09,632 [INFO] Added currency_info: 1135100000 (2025-10-07 12:32:29)
2025-10-07 12:35:09,636 [INFO] Currency already exists: gold-18
2025-10-07 12:35:09,647 [INFO] Added currency_info: 107890000 (2025-10-07 12:32:29)
2025-10-07 12:35:09,651 [INFO] Currency already exists: dollar
2025-10-07 12:35:09,662 [INFO] Added currency_info: 1122350 (2025-10-07 12:32:36)
2025-10-07 12:35:09,666 [INFO] Currency already exists: euro
2025-10-07 12:35:09,677 [INFO] Added currency_info: 1310000 (2025-10-07 12:32:36)
2025-10-07 12:35:09,681 [INFO] Sleeping for 30 minutes...
2025-10-07 12:50:30,240 [INFO] Connected 200
2025-10-07 12:50:30,282 [INFO] Currency already exists: sekee
2025-10-07 12:50:47,472 [INFO] Connected 200
2025-10-07 12:50:47,516 [INFO] Currency already exists: sekee
2025-10-07 12:51:01,931 [INFO] Connected 200
2025-10-07 12:51:01,972 [INFO] Currency already exists: sekee
2025-10-07 12:51:01,986 [INFO] Skipping duplicate currency_info for currency_id 1 at 2025-10-07 12:32:29
2025-10-07 12:51:01,990 [INFO] Currency already exists: gold-18
2025-10-07 12:51:01,997 [INFO] Skipping duplicate currency_info for currency_id 2 at 2025-10-07 12:32:29
2025-10-07 12:51:02,000 [INFO] Currency already exists: dollar
2025-10-07 12:51:02,007 [INFO] Skipping duplicate currency_info for currency_id 3 at 2025-10-07 12:32:36
2025-10-07 12:51:02,010 [INFO] Currency already exists: euro
2025-10-07 12:51:02,017 [INFO] Skipping duplicate currency_info for currency_id 4 at 2025-10-07 12:32:36
2025-10-07 12:51:02,022 [INFO] Sleeping for 30 minutes...
2025-10-07 12:51:03,354 [INFO] Connected 200
2025-10-07 12:51:03,365 [INFO] Currency already exists: sekee
2025-10-07 12:51:03,372 [INFO] Skipping duplicate currency_info for currency_id 1 at 2025-10-07 12:32:29
2025-10-07 12:51:03,375 [INFO] Currency already exists: gold-18
2025-10-07 12:51:03,385 [INFO] Skipping duplicate currency_info for currency_id 2 at 2025-10-07 12:32:29
2025-10-07 12:51:03,388 [INFO] Currency already exists: dollar
2025-10-07 12:51:03,396 [INFO] Skipping duplicate currency_info for currency_id 3 at 2025-10-07 12:32:36
2025-10-07 12:51:03,400 [INFO] Currency already exists: euro
2025-10-07 12:51:03,410 [INFO] Skipping duplicate currency_info for currency_id 4 at 2025-10-07 12:32:36
2025-10-07 12:51:03,415 [INFO] Sleeping for 30 minutes...
2025-10-07 12:51:04,733 [INFO] Connected 200
2025-10-07 12:51:04,746 [INFO] Currency already exists: sekee
2025-10-07 12:51:04,754 [INFO] Skipping duplicate currency_info for currency_id 1 at 2025-10-07 12:32:29
2025-10-07 12:51:04,758 [INFO] Currency already exists: gold-18
2025-10-07 12:51:04,766 [INFO] Skipping duplicate currency_info for currency_id 2 at 2025-10-07 12:32:29
2025-10-07 12:51:04,770 [INFO] Currency already exists: dollar
2025-10-07 12:51:04,778 [INFO] Skipping duplicate currency_info for currency_id 3 at 2025-10-07 12:32:36
2025-10-07 12:51:04,782 [INFO] Currency already exists: euro
2025-10-07 12:51:04,790 [INFO] Skipping duplicate currency_info for currency_id 4 at 2025-10-07 12:32:36
2025-10-07 12:51:04,796 [INFO] Sleeping for 30 minutes...
2025-10-07 12:51:06,140 [INFO] Connected 200
2025-10-07 12:51:06,153 [INFO] Currency already exists: sekee
2025-10-07 12:51:06,160 [INFO] Skipping duplicate currency_info for currency_id 1 at 2025-10-07 12:32:29
2025-10-07 12:51:06,164 [INFO] Currency already exists: gold-18
2025-10-07 12:51:06,171 [INFO] Skipping duplicate currency_info for currency_id 2 at 2025-10-07 12:32:29
2025-10-07 12:51:06,175 [INFO] Currency already exists: dollar
2025-10-07 12:51:06,183 [INFO] Skipping duplicate currency_info for currency_id 3 at 2025-10-07 12:32:36
2025-10-07 12:51:06,187 [INFO] Currency already exists: euro
2025-10-07 12:51:06,194 [INFO] Skipping duplicate currency_info for currency_id 4 at 2025-10-07 12:32:36
2025-10-07 12:51:06,200 [INFO] Sleeping for 30 minutes...
2025-10-07 12:51:07,535 [INFO] Connected 200
2025-10-07 12:51:07,544 [INFO] Currency already exists: sekee
2025-10-07 12:51:07,551 [INFO] Skipping duplicate currency_info for currency_id 1 at 2025-10-07 12:32:29
2025-10-07 12:51:07,554 [INFO] Currency already exists: gold-18
2025-10-07 12:51:07,562 [INFO] Skipping duplicate currency_info for currency_id 2 at 2025-10-07 12:32:29
2025-10-07 12:51:07,565 [INFO] Currency already exists: dollar
2025-10-07 12:51:07,572 [INFO] Skipping duplicate currency_info for currency_id 3 at 2025-10-07 12:32:36
2025-10-07 12:51:07,576 [INFO] Currency already exists: euro
2025-10-07 12:51:07,583 [INFO] Skipping duplicate currency_info for currency_id 4 at 2025-10-07 12:32:36
2025-10-07 12:51:07,588 [INFO] Sleeping for 30 minutes...
2025-10-07 12:51:08,932 [INFO] Connected 200
2025-10-07 12:51:08,942 [INFO] Currency already exists: sekee
2025-10-07 12:51:08,949 [INFO] Skipping duplicate currency_info for currency_id 1 at 2025-10-07 12:32:29
2025-10-07 12:51:08,952 [INFO] Currency already exists: gold-18
2025-10-07 12:51:08,959 [INFO] Skipping duplicate currency_info for currency_id 2 at 2025-10-07 12:32:29
2025-10-07 12:51:08,964 [INFO] Currency already exists: dollar
2025-10-07 12:51:08,973 [INFO] Skipping duplicate currency_info for currency_id 3 at 2025-10-07 12:32:36
2025-10-07 12:51:08,977 [INFO] Currency already exists: euro
2025-10-07 12:51:08,985 [INFO] Skipping duplicate currency_info for currency_id 4 at 2025-10-07 12:32:36
2025-10-07 12:51:08,990 [INFO] Sleeping for 30 minutes...
2025-10-07 12:51:10,321 [INFO] Connected 200
2025-10-07 12:51:10,333 [INFO] Currency already exists: sekee
2025-10-07 12:51:10,340 [INFO] Skipping duplicate currency_info for currency_id 1 at 2025-10-07 12:32:29
2025-10-07 12:51:10,344 [INFO] Currency already exists: gold-18
2025-10-07 12:51:10,351 [INFO] Skipping duplicate currency_info for currency_id 2 at 2025-10-07 12:32:29
2025-10-07 12:51:10,355 [INFO] Currency already exists: dollar
2025-10-07 12:51:10,363 [INFO] Skipping duplicate currency_info for currency_id 3 at 2025-10-07 12:32:36
2025-10-07 12:51:10,367 [INFO] Currency already exists: euro
2025-10-07 12:51:10,373 [INFO] Skipping duplicate currency_info for currency_id 4 at 2025-10-07 12:32:36
2025-10-07 12:51:10,379 [INFO] Sleeping for 30 minutes...
2025-10-07 12:51:11,723 [INFO] Connected 200
2025-10-07 12:51:11,733 [INFO] Currency already exists: sekee
2025-10-07 12:51:11,739 [INFO] Skipping duplicate currency_info for currency_id 1 at 2025-10-07 12:32:29
2025-10-07 12:51:11,743 [INFO] Currency already exists: gold-18
2025-10-07 12:51:11,751 [INFO] Skipping duplicate currency_info for currency_id 2 at 2025-10-07 12:32:29
2025-10-07 12:51:11,755 [INFO] Currency already exists: dollar
2025-10-07 12:51:11,763 [INFO] Skipping duplicate currency_info for currency_id 3 at 2025-10-07 12:32:36
2025-10-07 12:51:11,767 [INFO] Currency already exists: euro
2025-10-07 12:51:11,775 [INFO] Skipping duplicate currency_info for currency_id 4 at 2025-10-07 12:32:36
2025-10-07 12:51:11,780 [INFO] Sleeping for 30 minutes...
2025-10-07 12:51:13,070 [INFO] Connected 200
2025-10-07 12:51:13,074 [INFO] Currency already exists: sekee
2025-10-07 12:51:13,076 [INFO] Skipping duplicate currency_info for currency_id 1 at 2025-10-07 12:32:29
2025-10-07 12:51:13,077 [INFO] Currency already exists: gold-18
2025-10-07 12:51:13,080 [INFO] Skipping duplicate currency_info for currency_id 2 at 2025-10-07 12:32:29
2025-10-07 12:51:13,082 [INFO] Currency already exists: dollar
2025-10-07 12:51:13,085 [INFO] Skipping duplicate currency_info for currency_id 3 at 2025-10-07 12:32:36
2025-10-07 12:51:13,087 [INFO] Currency already exists: euro
2025-10-07 12:51:13,091 [INFO] Skipping duplicate currency_info for currency_id 4 at 2025-10-07 12:32:36
2025-10-07 12:51:13,094 [INFO] Sleeping for 30 minutes...
2025-10-07 12:51:14,375 [INFO] Connected 200
2025-10-07 12:51:14,379 [INFO] Currency already exists: sekee
2025-10-07 12:51:14,381 [INFO] Skipping duplicate currency_info for currency_id 1 at 2025-10-07 12:32:29
2025-10-07 12:51:14,382 [INFO] Currency already exists: gold-18
2025-10-07 12:51:14,385 [INFO] Skipping duplicate currency_info for currency_id 2 at 2025-10-07 12:32:29
2025-10-07 12:51:14,387 [INFO] Currency already exists: dollar
2025-10-07 12:51:14,391 [INFO] Skipping duplicate currency_info for currency_id 3 at 2025-10-07 12:32:36
2025-10-07 12:51:14,393 [INFO] Currency already exists: euro
2025-10-07 12:51:14,396 [INFO] Skipping duplicate currency_info for currency_id 4 at 2025-10-07 12:32:36
2025-10-07 12:51:14,398 [INFO] Sleeping for 30 minutes...
2025-10-07 12:51:15,687 [INFO] Connected 200
2025-10-07 12:51:15,696 [INFO] Currency already exists: sekee
2025-10-07 12:51:15,702 [INFO] Skipping duplicate currency_info for currency_id 1 at 2025-10-07 12:32:29
2025-10-07 12:51:15,706 [INFO] Currency already exists: gold-18
2025-10-07 12:51:15,712 [INFO] Skipping duplicate currency_info for currency_id 2 at 2025-10-07 12:32:29
2025-10-07 12:51:15,714 [INFO] Currency already exists: dollar
2025-10-07 12:51:15,718 [INFO] Skipping duplicate currency_info for currency_id 3 at 2025-10-07 12:32:36
2025-10-07 12:51:15,721 [INFO] Currency already exists: euro
2025-10-07 12:51:15,725 [INFO] Skipping duplicate currency_info for currency_id 4 at 2025-10-07 12:32:36
2025-10-07 12:51:15,728 [INFO] Sleeping for 30 minutes...
2025-10-08 10:07:49,934 [INFO] Application started
2025-10-08 10:07:49,978 [INFO] Background thread started for currency updates.
2025-10-08 10:07:49,986 [INFO] Application started
2025-10-08 10:07:50,184 [INFO] [31m[1mWARNING: This is a development server. Do not use it in a production deployment. Use a production WSGI server instead.[0m
 * Running on http://127.0.0.1:5000
2025-10-08 10:07:50,184 [INFO] [33mPress CTRL+C to quit[0m
2025-10-08 10:07:50,187 [INFO]  * Restarting with stat
2025-10-08 10:07:51,089 [INFO] Application started
2025-10-08 10:07:51,102 [INFO] Background thread started for currency updates.
2025-10-08 10:07:51,106 [INFO] Application started
2025-10-08 10:07:51,135 [WARNING]  * Debugger is active!
2025-10-08 10:07:51,424 [INFO]  * Debugger PIN: 507-823-600
2025-10-08 10:07:51,610 [INFO] Connected 200
2025-10-08 10:07:51,636 [INFO] Connected 200
2025-10-08 10:07:51,870 [INFO] Sleeping for 30 minutes...
2025-10-08 10:07:51,877 [INFO] Sleeping for 30 minutes...
2025-10-08 10:08:40,839 [INFO] Application started
2025-10-08 10:08:40,851 [INFO] Background thread started for currency updates.
2025-10-08 10:08:40,855 [INFO] Application started
2025-10-08 10:08:40,892 [INFO] [31m[1mWARNING: This is a development server. Do not use it in a production deployment. Use a production WSGI server instead.[0m
 * Running on http://127.0.0.1:5000
2025-10-08 10:08:40,892 [INFO] [33mPress CTRL+C to quit[0m
2025-10-08 10:08:40,893 [INFO]  * Restarting with stat
2025-10-08 10:08:41,159 [INFO] Connected 200
2025-10-08 10:08:41,340 [INFO] Sleeping for 30 minutes...
2025-10-08 10:08:41,591 [INFO] Application started
2025-10-08 10:08:41,604 [INFO] Background thread started for currency updates.
2025-10-08 10:08:41,607 [INFO] Application started
2025-10-08 10:08:41,650 [WARNING]  * Debugger is active!
2025-10-08 10:08:41,654 [INFO]  * Debugger PIN: 507-823-600
2025-10-08 10:08:41,883 [INFO] Connected 200
2025-10-08 10:08:42,180 [INFO] Sleeping for 30 minutes...
2025-10-08 10:08:42,647 [INFO] Connected 200
2025-10-08 10:08:42,937 [INFO] Sleeping for 30 minutes...
2025-10-08 10:08:43,496 [INFO] Connected 200
2025-10-08 10:08:43,789 [INFO] Sleeping for 30 minutes...
2025-10-08 10:08:44,239 [INFO] Connected 200
2025-10-08 10:08:44,531 [INFO] Sleeping for 30 minutes...
2025-10-08 10:08:45,130 [INFO] Connected 200
2025-10-08 10:08:45,239 [INFO] Sleeping for 30 minutes...
2025-10-08 10:08:45,853 [INFO] Connected 200
2025-10-08 10:08:46,161 [INFO] Sleeping for 30 minutes...
2025-10-08 10:08:46,585 [INFO] Connected 200
2025-10-08 10:08:46,894 [INFO] Sleeping for 30 minutes...
2025-10-08 10:08:47,500 [INFO] Connected 200
2025-10-08 10:08:47,810 [INFO] Sleeping for 30 minutes...
2025-10-08 10:08:48,215 [INFO] Connected 200
2025-10-08 10:08:48,475 [INFO] Sleeping for 30 minutes...
2025-10-08 10:08:49,161 [INFO] Connected 200
2025-10-08 10:08:49,394 [INFO] Sleeping for 30 minutes...
2025-10-08 10:08:49,808 [INFO] Connected 200
2025-10-08 10:08:50,037 [INFO] Sleeping for 30 minutes...
2025-10-08 10:08:50,711 [INFO] Connected 200
2025-10-08 10:08:50,794 [INFO] Sleeping for 30 minutes...
2025-10-08 10:08:51,352 [INFO] Connected 200
2025-10-08 10:08:51,559 [INFO] Sleeping for 30 minutes...
2025-10-08 10:08:52,076 [INFO] Connected 200
2025-10-08 10:08:52,166 [INFO] Sleeping for 30 minutes...
2025-10-08 10:08:52,203 [INFO] 127.0.0.1 - - [08/Oct/2025 10:08:52] "GET / HTTP/1.1" 200 -
2025-10-08 10:08:52,877 [INFO] Connected 200
2025-10-08 10:08:53,093 [INFO] Sleeping for 30 minutes...
2025-10-08 10:08:53,479 [INFO] Connected 200
2025-10-08 10:08:53,594 [INFO] Sleeping for 30 minutes...
2025-10-08 10:08:54,416 [INFO] Connected 200
2025-10-08 10:08:54,527 [INFO] Sleeping for 30 minutes...
2025-10-08 10:08:54,532 [INFO] 127.0.0.1 - - [08/Oct/2025 10:08:54] "[33mGET /favicon.ico HTTP/1.1[0m" 404 -
2025-10-08 10:08:54,919 [INFO] Connected 200
2025-10-08 10:08:55,346 [INFO] Sleeping for 30 minutes...
2025-10-08 10:08:55,848 [INFO] Connected 200
2025-10-08 10:08:55,958 [INFO] Sleeping for 30 minutes...
2025-10-08 10:08:56,701 [INFO] Connected 200
2025-10-08 10:08:56,905 [INFO] Sleeping for 30 minutes...
2025-10-08 10:08:57,278 [INFO] 127.0.0.1 - - [08/Oct/2025 10:08:57] "GET / HTTP/1.1" 200 -
2025-10-08 10:08:57,284 [INFO] Connected 200
2025-10-08 10:08:57,553 [INFO] Sleeping for 30 minutes...
2025-10-08 10:08:58,163 [INFO] Connected 200
2025-10-08 10:08:58,360 [INFO] Sleeping for 30 minutes...
2025-10-08 10:08:58,847 [INFO] Connected 200
2025-10-08 10:08:59,083 [INFO] Sleeping for 30 minutes...
2025-10-08 10:08:59,652 [INFO] Connected 200
2025-10-08 10:09:00,224 [INFO] Sleeping for 30 minutes...
2025-10-08 10:09:00,434 [INFO] Connected 200
2025-10-08 10:09:00,464 [INFO] 127.0.0.1 - - [08/Oct/2025 10:09:00] "GET / HTTP/1.1" 200 -
2025-10-08 10:09:00,792 [INFO] Sleeping for 30 minutes...
2025-10-08 10:09:01,527 [INFO] Connected 200
2025-10-08 10:09:01,591 [INFO] Sleeping for 30 minutes...
2025-10-08 10:09:02,127 [INFO] Connected 200
2025-10-08 10:09:02,257 [INFO] Sleeping for 30 minutes...
2025-10-08 10:09:02,939 [INFO] Connected 200
2025-10-08 10:09:03,248 [INFO] Sleeping for 30 minutes...
2025-10-08 10:09:03,584 [INFO] 127.0.0.1 - - [08/Oct/2025 10:09:03] "GET / HTTP/1.1" 200 -
2025-10-08 10:09:03,597 [INFO] Connected 200
2025-10-08 10:09:03,734 [INFO] Sleeping for 30 minutes...
2025-10-08 10:09:04,536 [INFO] Connected 200
2025-10-08 10:09:04,837 [INFO] Sleeping for 30 minutes...
2025-10-08 10:09:05,029 [INFO] Connected 200
2025-10-08 10:09:05,507 [INFO] Sleeping for 30 minutes...
2025-10-08 10:09:06,150 [INFO] 127.0.0.1 - - [08/Oct/2025 10:09:06] "GET / HTTP/1.1" 200 -
2025-10-08 10:09:06,186 [INFO] Connected 200
2025-10-08 10:09:06,387 [INFO] Sleeping for 30 minutes...
2025-10-08 10:09:06,816 [INFO] Connected 200
2025-10-08 10:09:06,941 [INFO] Sleeping for 30 minutes...
2025-10-08 10:09:07,737 [INFO] Connected 200
2025-10-08 10:09:08,039 [INFO] Sleeping for 30 minutes...
2025-10-08 10:09:08,266 [INFO] Connected 200
2025-10-08 10:09:08,684 [INFO] Sleeping for 30 minutes...
2025-10-08 10:09:09,377 [INFO] Connected 200
2025-10-08 10:09:09,692 [INFO] Sleeping for 30 minutes...
2025-10-08 10:09:10,019 [INFO] Connected 200
2025-10-08 10:09:10,361 [INFO] Sleeping for 30 minutes...
2025-10-08 10:09:10,980 [INFO] Connected 200
2025-10-08 10:09:11,652 [INFO] Sleeping for 30 minutes...
2025-10-08 10:09:11,657 [INFO] Connected 200
2025-10-08 10:09:11,859 [INFO] Sleeping for 30 minutes...
2025-10-08 10:09:12,966 [INFO] Connected 200
2025-10-08 10:09:13,083 [INFO] Sleeping for 30 minutes...
2025-10-08 10:09:13,169 [INFO] Connected 200
2025-10-08 10:09:13,318 [INFO] Sleeping for 30 minutes...
2025-10-08 10:09:13,828 [INFO] 127.0.0.1 - - [08/Oct/2025 10:09:13] "GET / HTTP/1.1" 200 -
2025-10-08 10:09:14,399 [INFO] Connected 200
2025-10-08 10:09:14,640 [INFO] Connected 200
2025-10-08 10:09:14,929 [INFO] Sleeping for 30 minutes...
2025-10-08 10:09:14,938 [INFO] Sleeping for 30 minutes...
2025-10-08 10:09:16,249 [INFO] Connected 200
2025-10-08 10:09:16,272 [INFO] Connected 200
2025-10-08 10:09:16,654 [INFO] Sleeping for 30 minutes...
2025-10-08 10:09:16,659 [INFO] Sleeping for 30 minutes...
2025-10-08 10:09:17,915 [INFO] Connected 200
2025-10-08 10:09:17,961 [INFO] Connected 200
2025-10-08 10:09:18,002 [INFO] Sleeping for 30 minutes...
2025-10-08 10:09:18,006 [INFO] Sleeping for 30 minutes...
2025-10-08 10:09:19,282 [INFO] Connected 200
2025-10-08 10:09:19,334 [INFO] Connected 200
2025-10-08 10:09:19,448 [INFO] Sleeping for 30 minutes...
2025-10-08 10:09:19,462 [INFO] Sleeping for 30 minutes...
2025-10-08 10:09:20,756 [INFO] Connected 200
2025-10-08 10:09:20,758 [INFO] Connected 200
2025-10-08 10:09:20,884 [INFO] Sleeping for 30 minutes...
2025-10-08 10:09:20,888 [INFO] Sleeping for 30 minutes...
2025-10-08 10:09:22,168 [INFO] Connected 200
2025-10-08 10:09:22,189 [INFO] Connected 200
2025-10-08 10:09:22,252 [INFO] Sleeping for 30 minutes...
2025-10-08 10:09:22,256 [INFO] Sleeping for 30 minutes...
2025-10-08 10:09:23,527 [INFO] Connected 200
2025-10-08 10:09:23,534 [INFO] Connected 200
2025-10-08 10:09:23,573 [INFO] Sleeping for 30 minutes...
2025-10-08 10:09:23,578 [INFO] Sleeping for 30 minutes...
2025-10-08 10:09:24,847 [INFO] Connected 200
2025-10-08 10:09:24,880 [INFO] Connected 200
2025-10-08 10:09:24,927 [INFO] Sleeping for 30 minutes...
2025-10-08 10:09:24,932 [INFO] Sleeping for 30 minutes...
2025-10-08 10:09:26,229 [INFO] Connected 200
2025-10-08 10:09:26,237 [INFO] Connected 200
2025-10-08 10:09:26,492 [INFO] Sleeping for 30 minutes...
2025-10-08 10:09:26,496 [INFO] Sleeping for 30 minutes...
2025-10-08 10:09:27,838 [INFO] Connected 200
2025-10-08 10:09:27,841 [INFO] Connected 200
2025-10-08 10:09:27,886 [INFO] Sleeping for 30 minutes...
2025-10-08 10:09:27,890 [INFO] Sleeping for 30 minutes...
2025-10-08 10:09:29,177 [INFO] Connected 200
2025-10-08 10:09:29,184 [INFO] Connected 200
2025-10-08 10:09:29,298 [INFO] Sleeping for 30 minutes...
2025-10-08 10:09:29,304 [INFO] Sleeping for 30 minutes...
2025-10-08 10:09:30,586 [INFO] Connected 200
2025-10-08 10:09:30,626 [INFO] Connected 200
2025-10-08 10:09:30,656 [INFO] Sleeping for 30 minutes...
2025-10-08 10:09:30,668 [INFO] Sleeping for 30 minutes...
2025-10-08 10:09:31,954 [INFO] Connected 200
2025-10-08 10:09:31,955 [INFO] Connected 200
2025-10-08 10:09:32,366 [INFO] Sleeping for 30 minutes...
2025-10-08 10:09:32,371 [INFO] Sleeping for 30 minutes...
2025-10-08 10:09:33,634 [INFO] Connected 200
2025-10-08 10:09:33,668 [INFO] Connected 200
2025-10-08 10:09:33,748 [INFO] Sleeping for 30 minutes...
2025-10-08 10:09:33,752 [INFO] Sleeping for 30 minutes...
2025-10-08 10:09:35,001 [INFO] Connected 200
2025-10-08 10:09:35,035 [INFO] Connected 200
2025-10-08 10:09:35,060 [INFO] Sleeping for 30 minutes...
2025-10-08 10:09:35,073 [INFO] Sleeping for 30 minutes...
2025-10-08 10:09:36,313 [INFO] Connected 200
2025-10-08 10:09:36,390 [INFO] Connected 200
2025-10-08 10:09:36,431 [INFO] Sleeping for 30 minutes...
2025-10-08 10:09:36,446 [INFO] Sleeping for 30 minutes...
2025-10-08 10:09:37,743 [INFO] Connected 200
2025-10-08 10:09:37,760 [INFO] Connected 200
2025-10-08 10:09:37,975 [INFO] Sleeping for 30 minutes...
2025-10-08 10:09:37,978 [INFO] Sleeping for 30 minutes...
2025-10-08 10:09:39,256 [INFO] Connected 200
2025-10-08 10:09:39,304 [INFO] Connected 200
2025-10-08 10:09:39,563 [INFO] Sleeping for 30 minutes...
2025-10-08 10:09:39,564 [INFO] Sleeping for 30 minutes...
2025-10-08 10:09:40,822 [INFO] Connected 200
2025-10-08 10:09:40,860 [INFO] Connected 200
2025-10-08 10:09:41,006 [INFO] Sleeping for 30 minutes...
2025-10-08 10:09:41,010 [INFO] Sleeping for 30 minutes...
2025-10-08 10:09:42,306 [INFO] Connected 200
2025-10-08 10:09:42,336 [INFO] Connected 200
2025-10-08 10:09:42,467 [INFO] Sleeping for 30 minutes...
2025-10-08 10:09:42,480 [INFO] Sleeping for 30 minutes...
2025-10-08 10:09:43,749 [INFO] Connected 200
2025-10-08 10:09:43,765 [INFO] Connected 200
2025-10-08 10:09:44,043 [INFO] Sleeping for 30 minutes...
2025-10-08 10:09:44,047 [INFO] Sleeping for 30 minutes...
2025-10-08 10:09:45,321 [INFO] Connected 200
2025-10-08 10:09:45,352 [INFO] Connected 200
2025-10-08 10:09:45,371 [INFO] Sleeping for 30 minutes...
2025-10-08 10:09:45,411 [INFO] Sleeping for 30 minutes...
2025-10-08 10:09:46,657 [INFO] Connected 200
2025-10-08 10:09:46,691 [INFO] Connected 200
2025-10-08 10:09:46,747 [INFO] Sleeping for 30 minutes...
2025-10-08 10:09:46,755 [INFO] Sleeping for 30 minutes...
2025-10-08 10:09:48,058 [INFO] Connected 200
2025-10-08 10:09:48,068 [INFO] Connected 200
2025-10-08 10:09:48,402 [INFO] Sleeping for 30 minutes...
2025-10-08 10:09:48,412 [INFO] Sleeping for 30 minutes...
2025-10-08 10:09:49,681 [INFO] Connected 200
2025-10-08 10:09:49,686 [INFO] Connected 200
2025-10-08 10:09:49,722 [INFO] Sleeping for 30 minutes...
2025-10-08 10:09:49,727 [INFO] Sleeping for 30 minutes...
2025-10-08 10:09:51,023 [INFO] Connected 200
2025-10-08 10:09:51,025 [INFO] Connected 200
2025-10-08 10:09:51,073 [INFO] Sleeping for 30 minutes...
2025-10-08 10:09:51,077 [INFO] Sleeping for 30 minutes...
2025-10-08 10:09:52,371 [INFO] Connected 200
2025-10-08 10:09:52,378 [INFO] Connected 200
2025-10-08 10:09:52,440 [INFO] Sleeping for 30 minutes...
2025-10-08 10:09:52,446 [INFO] Sleeping for 30 minutes...
2025-10-08 10:09:53,817 [INFO] Connected 200
2025-10-08 10:09:53,824 [INFO] Connected 200
2025-10-08 10:09:54,044 [INFO] Sleeping for 30 minutes...
2025-10-08 10:09:54,049 [INFO] Sleeping for 30 minutes...
2025-10-08 10:09:55,335 [INFO] Connected 200
2025-10-08 10:09:55,353 [INFO] Connected 200
2025-10-08 10:09:55,543 [INFO] Sleeping for 30 minutes...
2025-10-08 10:09:55,547 [INFO] Sleeping for 30 minutes...
2025-10-08 10:09:56,846 [INFO] Connected 200
2025-10-08 10:09:56,851 [INFO] Connected 200
2025-10-08 10:09:56,891 [INFO] Sleeping for 30 minutes...
2025-10-08 10:09:56,894 [INFO] Sleeping for 30 minutes...
2025-10-08 10:09:58,156 [INFO] Connected 200
2025-10-08 10:09:58,178 [INFO] Connected 200
2025-10-08 10:09:58,410 [INFO] Sleeping for 30 minutes...
2025-10-08 10:09:58,413 [INFO] Sleeping for 30 minutes...
2025-10-08 10:09:59,719 [INFO] Connected 200
2025-10-08 10:09:59,729 [INFO] Connected 200
2025-10-08 10:09:59,997 [INFO] Sleeping for 30 minutes...
2025-10-08 10:10:00,001 [INFO] Sleeping for 30 minutes...
2025-10-08 10:10:01,268 [INFO] Connected 200
2025-10-08 10:10:01,280 [INFO] Connected 200
2025-10-08 10:10:01,454 [INFO] Sleeping for 30 minutes...
2025-10-08 10:10:01,459 [INFO] Sleeping for 30 minutes...
2025-10-08 10:10:02,782 [INFO] Connected 200
2025-10-08 10:10:02,790 [INFO] Connected 200
2025-10-08 10:10:03,016 [INFO] Sleeping for 30 minutes...
2025-10-08 10:10:03,019 [INFO] Sleeping for 30 minutes...
2025-10-08 10:10:04,358 [INFO] Connected 200
2025-10-08 10:10:04,382 [INFO] Connected 200
2025-10-08 10:10:04,631 [INFO] Sleeping for 30 minutes...
2025-10-08 10:10:04,640 [INFO] Sleeping for 30 minutes...
2025-10-08 10:10:05,958 [INFO] Connected 200
2025-10-08 10:10:05,982 [INFO] Connected 200
2025-10-08 10:10:06,246 [INFO] Sleeping for 30 minutes...
2025-10-08 10:10:06,246 [INFO] Sleeping for 30 minutes...
2025-10-08 10:10:07,588 [INFO] Connected 200
2025-10-08 10:10:07,633 [INFO] Connected 200
2025-10-08 10:10:07,814 [INFO] Sleeping for 30 minutes...
2025-10-08 10:10:07,917 [INFO] Sleeping for 30 minutes...
2025-10-08 10:10:09,109 [INFO] Connected 200
2025-10-08 10:10:09,231 [INFO] Connected 200
2025-10-08 10:10:09,364 [INFO] Sleeping for 30 minutes...
2025-10-08 10:10:09,463 [INFO] Sleeping for 30 minutes...
2025-10-08 10:10:10,703 [INFO] Connected 200
2025-10-08 10:10:10,762 [INFO] Connected 200
2025-10-08 10:10:10,855 [INFO] Sleeping for 30 minutes...
2025-10-08 10:10:10,967 [INFO] Sleeping for 30 minutes...
2025-10-08 10:10:12,191 [INFO] Connected 200
2025-10-08 10:10:12,302 [INFO] Sleeping for 30 minutes...
2025-10-08 10:10:12,311 [INFO] Connected 200
2025-10-08 10:10:12,424 [INFO] Sleeping for 30 minutes...
2025-10-08 10:10:13,636 [INFO] Connected 200
2025-10-08 10:10:13,768 [INFO] Connected 200
2025-10-08 10:10:13,906 [INFO] Sleeping for 30 minutes...
2025-10-08 10:10:14,004 [INFO] Sleeping for 30 minutes...
2025-10-08 10:10:15,263 [INFO] Connected 200
2025-10-08 10:10:15,356 [INFO] Connected 200
2025-10-08 10:10:15,464 [INFO] Sleeping for 30 minutes...
2025-10-08 10:10:15,687 [INFO] Sleeping for 30 minutes...
2025-10-08 10:10:16,793 [INFO] Connected 200
2025-10-08 10:10:17,046 [INFO] Connected 200
2025-10-08 10:10:17,071 [INFO] Sleeping for 30 minutes...
2025-10-08 10:10:17,366 [INFO] Sleeping for 30 minutes...
2025-10-08 10:10:18,430 [INFO] Connected 200
2025-10-08 10:10:18,687 [INFO] Connected 200
2025-10-08 10:10:18,716 [INFO] Sleeping for 30 minutes...
2025-10-08 10:10:18,918 [INFO] Sleeping for 30 minutes...
2025-10-08 10:10:20,062 [INFO] Connected 200
2025-10-08 10:10:20,286 [INFO] Connected 200
2025-10-08 10:10:20,341 [INFO] Sleeping for 30 minutes...
2025-10-08 10:10:20,450 [INFO] Sleeping for 30 minutes...
2025-10-08 10:10:21,677 [INFO] Connected 200
2025-10-08 10:10:21,781 [INFO] Connected 200
2025-10-08 10:10:21,830 [INFO] Sleeping for 30 minutes...
2025-10-08 10:10:21,840 [INFO] Sleeping for 30 minutes...
2025-10-08 10:10:23,183 [INFO] Connected 200
2025-10-08 10:10:23,189 [INFO] Connected 200
2025-10-08 10:10:23,318 [INFO] Sleeping for 30 minutes...
2025-10-08 10:10:23,320 [INFO] Sleeping for 30 minutes...
2025-10-08 10:10:24,654 [INFO] Connected 200
2025-10-08 10:10:24,668 [INFO] Connected 200
2025-10-08 10:10:24,983 [INFO] Sleeping for 30 minutes...
2025-10-08 10:10:24,988 [INFO] Sleeping for 30 minutes...
2025-10-08 10:10:26,342 [INFO] Connected 200
2025-10-08 10:10:26,347 [INFO] Connected 200
2025-10-08 10:10:26,715 [INFO] Sleeping for 30 minutes...
2025-10-08 10:10:26,722 [INFO] Sleeping for 30 minutes...
2025-10-08 10:10:28,094 [INFO] Connected 200
2025-10-08 10:10:28,097 [INFO] Connected 200
2025-10-08 10:10:28,321 [INFO] Sleeping for 30 minutes...
2025-10-08 10:10:28,352 [INFO] Sleeping for 30 minutes...
2025-10-08 10:10:29,646 [INFO] Connected 200
2025-10-08 10:10:29,694 [INFO] Connected 200
2025-10-08 10:10:30,225 [INFO] Sleeping for 30 minutes...
2025-10-08 10:10:30,237 [INFO] Sleeping for 30 minutes...
2025-10-08 10:10:31,527 [INFO] Connected 200
2025-10-08 10:10:31,566 [INFO] Connected 200
2025-10-08 10:10:31,872 [INFO] Sleeping for 30 minutes...
2025-10-08 10:10:31,883 [INFO] Sleeping for 30 minutes...
2025-10-08 10:10:33,188 [INFO] Connected 200
2025-10-08 10:10:33,214 [INFO] Connected 200
2025-10-08 10:10:33,435 [INFO] Sleeping for 30 minutes...
2025-10-08 10:10:33,593 [INFO] Sleeping for 30 minutes...
2025-10-08 10:10:34,798 [INFO] Connected 200
2025-10-08 10:10:34,934 [INFO] Connected 200
2025-10-08 10:10:35,144 [INFO] Sleeping for 30 minutes...
2025-10-08 10:10:35,243 [INFO] Sleeping for 30 minutes...
2025-10-08 10:10:36,454 [INFO] Connected 200
2025-10-08 10:10:36,557 [INFO] Connected 200
2025-10-08 10:10:36,665 [INFO] Sleeping for 30 minutes...
2025-10-08 10:10:36,678 [INFO] Sleeping for 30 minutes...
2025-10-08 10:10:38,002 [INFO] Connected 200
2025-10-08 10:10:38,008 [INFO] Connected 200
2025-10-08 10:10:38,252 [INFO] Sleeping for 30 minutes...
2025-10-08 10:10:38,255 [INFO] Sleeping for 30 minutes...
2025-10-08 10:10:39,575 [INFO] Connected 200
2025-10-08 10:10:39,598 [INFO] Connected 200
2025-10-08 10:10:39,686 [INFO] Sleeping for 30 minutes...
2025-10-08 10:10:39,724 [INFO] Sleeping for 30 minutes...
2025-10-08 10:10:41,015 [INFO] Connected 200
2025-10-08 10:10:41,021 [INFO] Connected 200
2025-10-08 10:10:41,121 [INFO] Sleeping for 30 minutes...
2025-10-08 10:10:41,127 [INFO] Sleeping for 30 minutes...
2025-10-08 10:10:42,441 [INFO] Connected 200
2025-10-08 10:10:42,464 [INFO] Connected 200
2025-10-08 10:10:42,759 [INFO] Sleeping for 30 minutes...
2025-10-08 10:10:42,762 [INFO] Sleeping for 30 minutes...
2025-10-08 10:10:44,091 [INFO] Connected 200
2025-10-08 10:10:44,120 [INFO] Connected 200
2025-10-08 10:10:44,410 [INFO] Sleeping for 30 minutes...
2025-10-08 10:10:44,412 [INFO] Sleeping for 30 minutes...
2025-10-08 10:10:45,745 [INFO] Connected 200
2025-10-08 10:10:45,752 [INFO] Connected 200
2025-10-08 10:10:46,017 [INFO] Sleeping for 30 minutes...
2025-10-08 10:10:46,020 [INFO] Sleeping for 30 minutes...
2025-10-08 10:10:47,341 [INFO] Connected 200
2025-10-08 10:10:47,357 [INFO] Connected 200
2025-10-08 10:10:47,695 [INFO] Sleeping for 30 minutes...
2025-10-08 10:10:47,698 [INFO] Sleeping for 30 minutes...
2025-10-08 10:10:49,044 [INFO] Connected 200
2025-10-08 10:10:49,057 [INFO] Connected 200
2025-10-08 10:10:49,557 [INFO] Sleeping for 30 minutes...
2025-10-08 10:10:49,564 [INFO] Sleeping for 30 minutes...
2025-10-08 10:10:50,843 [INFO] Connected 200
2025-10-08 10:10:50,853 [INFO] Connected 200
2025-10-08 10:10:50,992 [INFO] Sleeping for 30 minutes...
2025-10-08 10:10:50,995 [INFO] Sleeping for 30 minutes...
2025-10-08 10:10:52,301 [INFO] Connected 200
2025-10-08 10:10:52,325 [INFO] Connected 200
2025-10-08 10:10:52,511 [INFO] Sleeping for 30 minutes...
2025-10-08 10:10:52,517 [INFO] Sleeping for 30 minutes...
2025-10-08 10:10:53,822 [INFO] Connected 200
2025-10-08 10:10:53,864 [INFO] Connected 200
2025-10-08 10:10:54,116 [INFO] Sleeping for 30 minutes...
2025-10-08 10:10:54,120 [INFO] Sleeping for 30 minutes...
2025-10-08 10:10:55,473 [INFO] Connected 200
2025-10-08 10:10:55,475 [INFO] Connected 200
2025-10-08 10:10:55,605 [INFO] Sleeping for 30 minutes...
2025-10-08 10:10:55,606 [INFO] Sleeping for 30 minutes...
2025-10-08 10:10:56,950 [INFO] Connected 200
2025-10-08 10:10:56,961 [INFO] Connected 200
2025-10-08 10:10:57,273 [INFO] Sleeping for 30 minutes...
2025-10-08 10:10:57,276 [INFO] Sleeping for 30 minutes...
2025-10-08 10:10:58,602 [INFO] Connected 200
2025-10-08 10:10:58,610 [INFO] Connected 200
2025-10-08 10:10:58,879 [INFO] Sleeping for 30 minutes...
2025-10-08 10:10:58,881 [INFO] Sleeping for 30 minutes...
2025-10-08 10:11:00,221 [INFO] Connected 200
2025-10-08 10:11:00,224 [INFO] Connected 200
2025-10-08 10:11:00,534 [INFO] Sleeping for 30 minutes...
2025-10-08 10:11:00,541 [INFO] Sleeping for 30 minutes...
2025-10-08 10:11:01,809 [INFO] Connected 200
2025-10-08 10:11:01,861 [INFO] Connected 200
2025-10-08 10:11:02,052 [INFO] Sleeping for 30 minutes...
2025-10-08 10:11:02,151 [INFO] Sleeping for 30 minutes...
2025-10-08 10:11:03,366 [INFO] Connected 200
2025-10-08 10:11:03,462 [INFO] Connected 200
2025-10-08 10:11:03,698 [INFO] Sleeping for 30 minutes...
2025-10-08 10:11:03,702 [INFO] Sleeping for 30 minutes...
2025-10-08 10:11:05,036 [INFO] Connected 200
2025-10-08 10:11:05,042 [INFO] Connected 200
2025-10-08 10:11:05,357 [INFO] Sleeping for 30 minutes...
2025-10-08 10:11:05,360 [INFO] Sleeping for 30 minutes...
2025-10-08 10:11:06,710 [INFO] Connected 200
2025-10-08 10:11:06,714 [INFO] Connected 200
2025-10-08 10:11:06,831 [INFO] Sleeping for 30 minutes...
2025-10-08 10:11:06,833 [INFO] Sleeping for 30 minutes...
2025-10-08 10:11:08,146 [INFO] Connected 200
2025-10-08 10:11:08,154 [INFO] Connected 200
2025-10-08 10:11:08,420 [INFO] Sleeping for 30 minutes...
2025-10-08 10:11:08,422 [INFO] Sleeping for 30 minutes...
2025-10-08 10:11:09,752 [INFO] Connected 200
2025-10-08 10:11:09,759 [INFO] Connected 200
2025-10-08 10:11:10,059 [INFO] Sleeping for 30 minutes...
2025-10-08 10:11:10,062 [INFO] Sleeping for 30 minutes...
2025-10-08 10:11:11,351 [INFO] Connected 200
2025-10-08 10:11:11,364 [INFO] Connected 200
2025-10-08 10:11:11,487 [INFO] Sleeping for 30 minutes...
2025-10-08 10:11:11,491 [INFO] Sleeping for 30 minutes...
2025-10-08 10:11:12,806 [INFO] Connected 200
2025-10-08 10:11:12,825 [INFO] Connected 200
2025-10-08 10:11:13,123 [INFO] Sleeping for 30 minutes...
2025-10-08 10:11:13,135 [INFO] Sleeping for 30 minutes...
2025-10-08 10:11:14,433 [INFO] Connected 200
2025-10-08 10:11:14,460 [INFO] Connected 200
2025-10-08 10:11:14,670 [INFO] Sleeping for 30 minutes...
2025-10-08 10:11:14,772 [INFO] Sleeping for 30 minutes...
2025-10-08 10:11:16,000 [INFO] Connected 200
2025-10-08 10:11:16,121 [INFO] Connected 200
2025-10-08 10:11:16,344 [INFO] Sleeping for 30 minutes...
2025-10-08 10:11:16,347 [INFO] Sleeping for 30 minutes...
2025-10-08 10:11:17,638 [INFO] Connected 200
2025-10-08 10:11:17,687 [INFO] Connected 200
2025-10-08 10:11:18,101 [INFO] Sleeping for 30 minutes...
2025-10-08 10:11:18,104 [INFO] Sleeping for 30 minutes...
2025-10-08 10:11:19,409 [INFO] Connected 200
2025-10-08 10:11:19,421 [INFO] Connected 200
2025-10-08 10:11:19,715 [INFO] Sleeping for 30 minutes...
2025-10-08 10:11:19,720 [INFO] Sleeping for 30 minutes...
2025-10-08 10:11:21,014 [INFO] Connected 200
2025-10-08 10:11:21,031 [INFO] Connected 200
2025-10-08 10:11:21,186 [INFO] Sleeping for 30 minutes...
2025-10-08 10:11:21,188 [INFO] Sleeping for 30 minutes...
2025-10-08 10:11:22,479 [INFO] Connected 200
2025-10-08 10:11:22,522 [INFO] Connected 200
2025-10-08 10:11:22,595 [INFO] Sleeping for 30 minutes...
2025-10-08 10:11:22,629 [INFO] Sleeping for 30 minutes...
2025-10-08 10:11:23,910 [INFO] Connected 200
2025-10-08 10:11:23,941 [INFO] Connected 200
2025-10-08 10:11:24,159 [INFO] Sleeping for 30 minutes...
2025-10-08 10:11:24,258 [INFO] Sleeping for 30 minutes...
2025-10-08 10:11:25,499 [INFO] Connected 200
2025-10-08 10:11:25,592 [INFO] Connected 200
2025-10-08 10:11:25,792 [INFO] Sleeping for 30 minutes...
2025-10-08 10:11:25,909 [INFO] Sleeping for 30 minutes...
2025-10-08 10:11:27,130 [INFO] Connected 200
2025-10-08 10:11:27,206 [INFO] Connected 200
2025-10-08 10:11:27,374 [INFO] Sleeping for 30 minutes...
2025-10-08 10:11:27,469 [INFO] Sleeping for 30 minutes...
2025-10-08 10:11:28,716 [INFO] Connected 200
2025-10-08 10:11:28,795 [INFO] Connected 200
2025-10-08 10:11:28,953 [INFO] Sleeping for 30 minutes...
2025-10-08 10:11:28,971 [INFO] Sleeping for 30 minutes...
2025-10-08 10:11:30,276 [INFO] Connected 200
2025-10-08 10:11:30,314 [INFO] Connected 200
2025-10-08 10:11:30,585 [INFO] Sleeping for 30 minutes...
2025-10-08 10:11:30,587 [INFO] Sleeping for 30 minutes...
2025-10-08 10:11:31,879 [INFO] Connected 200
2025-10-08 10:11:31,923 [INFO] Connected 200
2025-10-08 10:11:32,296 [INFO] Sleeping for 30 minutes...
2025-10-08 10:11:32,359 [INFO] Sleeping for 30 minutes...
2025-10-08 10:11:33,609 [INFO] Connected 200
2025-10-08 10:11:33,703 [INFO] Connected 200
2025-10-08 10:11:33,723 [INFO] Sleeping for 30 minutes...
2025-10-08 10:11:33,796 [INFO] Sleeping for 30 minutes...
2025-10-08 10:11:35,020 [INFO] Connected 200
2025-10-08 10:11:35,099 [INFO] Connected 200
2025-10-08 10:11:35,178 [INFO] Sleeping for 30 minutes...
2025-10-08 10:11:35,193 [INFO] Sleeping for 30 minutes...
2025-10-08 10:11:36,502 [INFO] Connected 200
2025-10-08 10:11:36,521 [INFO] Connected 200
2025-10-08 10:11:36,832 [INFO] Sleeping for 30 minutes...
2025-10-08 10:11:36,836 [INFO] Sleeping for 30 minutes...
2025-10-08 10:11:38,138 [INFO] Connected 200
2025-10-08 10:11:38,144 [INFO] Connected 200
2025-10-08 10:11:38,378 [INFO] Sleeping for 30 minutes...
2025-10-08 10:11:38,381 [INFO] Sleeping for 30 minutes...
2025-10-08 10:11:39,724 [INFO] Connected 200
2025-10-08 10:11:39,731 [INFO] Connected 200
2025-10-08 10:11:40,008 [INFO] Sleeping for 30 minutes...
2025-10-08 10:11:40,011 [INFO] Sleeping for 30 minutes...
2025-10-08 10:11:41,294 [INFO] Connected 200
2025-10-08 10:11:41,310 [INFO] Connected 200
2025-10-08 10:11:41,346 [INFO] Sleeping for 30 minutes...
2025-10-08 10:11:41,348 [INFO] Sleeping for 30 minutes...
2025-10-08 10:11:42,656 [INFO] Connected 200
2025-10-08 10:11:42,680 [INFO] Connected 200
2025-10-08 10:11:42,922 [INFO] Sleeping for 30 minutes...
2025-10-08 10:11:42,925 [INFO] Sleeping for 30 minutes...
2025-10-08 10:11:44,236 [INFO] Connected 200
2025-10-08 10:11:44,278 [INFO] Connected 200
2025-10-08 10:11:44,349 [INFO] Sleeping for 30 minutes...
2025-10-08 10:11:44,385 [INFO] Sleeping for 30 minutes...
2025-10-08 10:11:45,681 [INFO] Connected 200
2025-10-08 10:11:45,742 [INFO] Connected 200
2025-10-08 10:11:45,971 [INFO] Sleeping for 30 minutes...
2025-10-08 10:11:45,975 [INFO] Sleeping for 30 minutes...
2025-10-08 10:11:47,300 [INFO] Connected 200
2025-10-08 10:11:47,308 [INFO] Connected 200
2025-10-08 10:11:47,630 [INFO] Sleeping for 30 minutes...
2025-10-08 10:11:47,633 [INFO] Sleeping for 30 minutes...
2025-10-08 10:11:48,946 [INFO] Connected 200
2025-10-08 10:11:48,972 [INFO] Connected 200
2025-10-08 10:11:49,075 [INFO] Sleeping for 30 minutes...
2025-10-08 10:11:49,078 [INFO] Sleeping for 30 minutes...
2025-10-08 10:11:50,408 [INFO] Connected 200
2025-10-08 10:11:50,427 [INFO] Connected 200
2025-10-08 10:11:50,565 [INFO] Sleeping for 30 minutes...
2025-10-08 10:11:50,568 [INFO] Sleeping for 30 minutes...
2025-10-08 10:11:51,905 [INFO] Connected 200
2025-10-08 10:11:51,909 [INFO] Connected 200
2025-10-08 10:11:52,190 [INFO] Sleeping for 30 minutes...
2025-10-08 10:11:52,198 [INFO] Sleeping for 30 minutes...
2025-10-08 10:11:53,484 [INFO] Connected 200
2025-10-08 10:11:53,494 [INFO] Connected 200
2025-10-08 10:11:53,769 [INFO] Sleeping for 30 minutes...
2025-10-08 10:11:53,772 [INFO] Sleeping for 30 minutes...
2025-10-08 10:11:55,082 [INFO] Connected 200
2025-10-08 10:11:55,106 [INFO] Connected 200
2025-10-08 10:11:55,590 [INFO] Sleeping for 30 minutes...
2025-10-08 10:11:55,593 [INFO] Sleeping for 30 minutes...
2025-10-08 10:11:56,913 [INFO] Connected 200
2025-10-08 10:11:56,915 [INFO] Connected 200
2025-10-08 10:11:57,202 [INFO] Sleeping for 30 minutes...
2025-10-08 10:11:57,205 [INFO] Sleeping for 30 minutes...
2025-10-08 10:11:58,631 [INFO] Connected 200
2025-10-08 10:11:58,753 [INFO] Connected 200
2025-10-08 10:11:58,955 [INFO] Sleeping for 30 minutes...
2025-10-08 10:11:59,054 [INFO] Sleeping for 30 minutes...
2025-10-08 10:12:00,266 [INFO] Connected 200
2025-10-08 10:12:00,397 [INFO] Connected 200
2025-10-08 10:12:00,512 [INFO] Sleeping for 30 minutes...
2025-10-08 10:12:00,704 [INFO] Sleeping for 30 minutes...
2025-10-08 10:12:01,828 [INFO] Connected 200
2025-10-08 10:12:01,973 [INFO] Connected 200
2025-10-08 10:12:02,135 [INFO] Sleeping for 30 minutes...
2025-10-08 10:12:02,236 [INFO] Sleeping for 30 minutes...
2025-10-08 10:12:03,481 [INFO] Connected 200
2025-10-08 10:12:03,523 [INFO] Connected 200
2025-10-08 10:12:03,743 [INFO] Sleeping for 30 minutes...
2025-10-08 10:12:03,847 [INFO] Sleeping for 30 minutes...
2025-10-08 10:12:05,070 [INFO] Connected 200
2025-10-08 10:12:05,181 [INFO] Sleeping for 30 minutes...
2025-10-08 10:12:05,195 [INFO] Connected 200
2025-10-08 10:12:05,302 [INFO] Sleeping for 30 minutes...
2025-10-08 10:12:06,517 [INFO] Connected 200
2025-10-08 10:12:06,616 [INFO] Connected 200
2025-10-08 10:12:06,850 [INFO] Sleeping for 30 minutes...
2025-10-08 10:12:06,852 [INFO] Sleeping for 30 minutes...
2025-10-08 10:12:08,166 [INFO] Connected 200
2025-10-08 10:12:08,168 [INFO] Connected 200
2025-10-08 10:12:08,493 [INFO] Sleeping for 30 minutes...
2025-10-08 10:12:08,497 [INFO] Sleeping for 30 minutes...
2025-10-08 10:12:09,812 [INFO] Connected 200
2025-10-08 10:12:09,834 [INFO] Connected 200
2025-10-08 10:12:10,133 [INFO] Sleeping for 30 minutes...
2025-10-08 10:12:10,136 [INFO] Sleeping for 30 minutes...
2025-10-08 10:12:11,453 [INFO] Connected 200
2025-10-08 10:12:11,467 [INFO] Connected 200
2025-10-08 10:12:11,806 [INFO] Sleeping for 30 minutes...
2025-10-08 10:12:11,816 [INFO] Sleeping for 30 minutes...
2025-10-08 10:12:13,149 [INFO] Connected 200
2025-10-08 10:12:13,153 [INFO] Connected 200
2025-10-08 10:12:13,365 [INFO] Sleeping for 30 minutes...
2025-10-08 10:12:13,369 [INFO] Sleeping for 30 minutes...
2025-10-08 10:12:14,683 [INFO] Connected 200
2025-10-08 10:12:14,688 [INFO] Connected 200
2025-10-08 10:12:15,002 [INFO] Sleeping for 30 minutes...
2025-10-08 10:12:15,004 [INFO] Sleeping for 30 minutes...
2025-10-08 10:12:16,340 [INFO] Connected 200
2025-10-08 10:12:16,355 [INFO] Connected 200
2025-10-08 10:12:16,797 [INFO] Sleeping for 30 minutes...
2025-10-08 10:12:16,804 [INFO] Sleeping for 30 minutes...
2025-10-08 10:12:18,129 [INFO] Connected 200
2025-10-08 10:12:18,136 [INFO] Connected 200
2025-10-08 10:12:18,448 [INFO] Sleeping for 30 minutes...
2025-10-08 10:12:18,451 [INFO] Sleeping for 30 minutes...
2025-10-08 10:12:19,730 [INFO] Connected 200
2025-10-08 10:12:19,785 [INFO] Connected 200
2025-10-08 10:12:20,053 [INFO] Sleeping for 30 minutes...
2025-10-08 10:12:20,060 [INFO] Sleeping for 30 minutes...
2025-10-08 10:12:21,355 [INFO] Connected 200
2025-10-08 10:12:21,356 [INFO] Connected 200
2025-10-08 10:12:21,390 [INFO] Sleeping for 30 minutes...
2025-10-08 10:12:21,396 [INFO] Sleeping for 30 minutes...
2025-10-08 10:12:22,701 [INFO] Connected 200
2025-10-08 10:12:22,701 [INFO] Connected 200
2025-10-08 10:12:22,833 [INFO] Sleeping for 30 minutes...
2025-10-08 10:12:22,839 [INFO] Sleeping for 30 minutes...
2025-10-08 10:12:24,142 [INFO] Connected 200
2025-10-08 10:12:24,164 [INFO] Connected 200
2025-10-08 10:12:24,470 [INFO] Sleeping for 30 minutes...
2025-10-08 10:12:24,473 [INFO] Sleeping for 30 minutes...
2025-10-08 10:12:25,798 [INFO] Connected 200
2025-10-08 10:12:25,799 [INFO] Connected 200
2025-10-08 10:12:26,052 [INFO] Sleeping for 30 minutes...
2025-10-08 10:12:26,055 [INFO] Sleeping for 30 minutes...
2025-10-08 10:12:27,388 [INFO] Connected 200
2025-10-08 10:12:27,390 [INFO] Connected 200
2025-10-08 10:12:27,647 [INFO] Sleeping for 30 minutes...
2025-10-08 10:12:27,650 [INFO] Sleeping for 30 minutes...
2025-10-08 10:12:28,947 [INFO] Connected 200
2025-10-08 10:12:28,979 [INFO] Connected 200
2025-10-08 10:12:29,269 [INFO] Sleeping for 30 minutes...
2025-10-08 10:12:29,272 [INFO] Sleeping for 30 minutes...
2025-10-08 10:12:30,605 [INFO] Connected 200
2025-10-08 10:12:30,615 [INFO] Connected 200
2025-10-08 10:12:30,970 [INFO] Sleeping for 30 minutes...
2025-10-08 10:12:30,974 [INFO] Sleeping for 30 minutes...
2025-10-08 10:12:32,278 [INFO] Connected 200
2025-10-08 10:12:32,281 [INFO] Connected 200
2025-10-08 10:12:32,560 [INFO] Sleeping for 30 minutes...
2025-10-08 10:12:32,564 [INFO] Sleeping for 30 minutes...
2025-10-08 10:12:33,839 [INFO] Connected 200
2025-10-08 10:12:33,855 [INFO] Connected 200
2025-10-08 10:12:34,004 [INFO] Sleeping for 30 minutes...
2025-10-08 10:12:34,007 [INFO] Sleeping for 30 minutes...
2025-10-08 10:12:35,344 [INFO] Connected 200
2025-10-08 10:12:35,344 [INFO] Connected 200
2025-10-08 10:12:35,662 [INFO] Sleeping for 30 minutes...
2025-10-08 10:12:35,673 [INFO] Sleeping for 30 minutes...
2025-10-08 10:12:36,986 [INFO] Connected 200
2025-10-08 10:12:37,008 [INFO] Connected 200
2025-10-08 10:12:37,107 [INFO] Sleeping for 30 minutes...
2025-10-08 10:12:37,110 [INFO] Sleeping for 30 minutes...
2025-10-08 10:12:38,442 [INFO] Connected 200
2025-10-08 10:12:38,468 [INFO] Connected 200
2025-10-08 10:12:38,841 [INFO] Sleeping for 30 minutes...
2025-10-08 10:12:38,849 [INFO] Sleeping for 30 minutes...
2025-10-08 10:12:40,188 [INFO] Connected 200
2025-10-08 10:12:40,193 [INFO] Connected 200
2025-10-08 10:12:40,464 [INFO] Sleeping for 30 minutes...
2025-10-08 10:12:40,467 [INFO] Sleeping for 30 minutes...
2025-10-08 10:12:41,807 [INFO] Connected 200
2025-10-08 10:12:41,868 [INFO] Connected 200
2025-10-08 10:12:42,172 [INFO] Sleeping for 30 minutes...
2025-10-08 10:12:42,176 [INFO] Sleeping for 30 minutes...
2025-10-08 10:12:43,490 [INFO] Connected 200
2025-10-08 10:12:43,520 [INFO] Connected 200
2025-10-08 10:12:43,721 [INFO] Sleeping for 30 minutes...
2025-10-08 10:12:43,736 [INFO] Sleeping for 30 minutes...
2025-10-08 10:12:45,059 [INFO] Connected 200
2025-10-08 10:12:45,066 [INFO] Connected 200
2025-10-08 10:12:45,232 [INFO] Sleeping for 30 minutes...
2025-10-08 10:12:45,237 [INFO] Sleeping for 30 minutes...
2025-10-08 10:12:46,563 [INFO] Connected 200
2025-10-08 10:12:46,577 [INFO] Connected 200
2025-10-08 10:12:47,067 [INFO] Sleeping for 30 minutes...
2025-10-08 10:12:47,068 [INFO] Sleeping for 30 minutes...
2025-10-08 10:12:48,392 [INFO] Connected 200
2025-10-08 10:12:48,391 [INFO] Connected 200
2025-10-08 10:12:48,786 [INFO] Sleeping for 30 minutes...
2025-10-08 10:12:48,795 [INFO] Sleeping for 30 minutes...
2025-10-08 10:12:50,097 [INFO] Connected 200
2025-10-08 10:12:50,142 [INFO] Connected 200
2025-10-08 10:12:50,216 [INFO] Sleeping for 30 minutes...
2025-10-08 10:12:50,263 [INFO] Sleeping for 30 minutes...
2025-10-08 10:12:51,530 [INFO] Connected 200
2025-10-08 10:12:51,532 [INFO] Connected 200
2025-10-08 10:12:51,715 [INFO] Sleeping for 30 minutes...
2025-10-08 10:12:51,717 [INFO] Sleeping for 30 minutes...
2025-10-08 10:12:52,974 [INFO] Connected 200
2025-10-08 10:12:53,038 [INFO] Connected 200
2025-10-08 10:12:53,139 [INFO] Sleeping for 30 minutes...
2025-10-08 10:12:53,247 [INFO] Sleeping for 30 minutes...
2025-10-08 10:12:54,440 [INFO] Connected 200
2025-10-08 10:12:54,583 [INFO] Connected 200
2025-10-08 10:12:54,872 [INFO] Sleeping for 30 minutes...
2025-10-08 10:12:54,875 [INFO] Sleeping for 30 minutes...
2025-10-08 10:12:56,165 [INFO] Connected 200
2025-10-08 10:12:56,189 [INFO] Connected 200
2025-10-08 10:12:56,248 [INFO] Sleeping for 30 minutes...
2025-10-08 10:12:56,263 [INFO] Sleeping for 30 minutes...
2025-10-08 10:12:57,575 [INFO] Connected 200
2025-10-08 10:12:57,579 [INFO] Connected 200
2025-10-08 10:12:57,875 [INFO] Sleeping for 30 minutes...
2025-10-08 10:12:57,878 [INFO] Sleeping for 30 minutes...
2025-10-08 10:12:59,244 [INFO] Connected 200
2025-10-08 10:12:59,245 [INFO] Connected 200
2025-10-08 10:12:59,506 [INFO] Sleeping for 30 minutes...
2025-10-08 10:12:59,509 [INFO] Sleeping for 30 minutes...
2025-10-08 10:13:00,856 [INFO] Connected 200
2025-10-08 10:13:00,857 [INFO] Connected 200
2025-10-08 10:13:01,162 [INFO] Sleeping for 30 minutes...
2025-10-08 10:13:01,166 [INFO] Sleeping for 30 minutes...
2025-10-08 10:13:02,466 [INFO] Connected 200
2025-10-08 10:13:02,500 [INFO] Connected 200
2025-10-08 10:13:02,572 [INFO] Sleeping for 30 minutes...
2025-10-08 10:13:02,607 [INFO] Sleeping for 30 minutes...
2025-10-08 10:13:03,911 [INFO] Connected 200
2025-10-08 10:13:03,954 [INFO] Connected 200
2025-10-08 10:13:04,190 [INFO] Sleeping for 30 minutes...
2025-10-08 10:13:04,194 [INFO] Sleeping for 30 minutes...
2025-10-08 10:13:05,523 [INFO] Connected 200
2025-10-08 10:13:05,546 [INFO] Connected 200
2025-10-08 10:13:05,941 [INFO] Sleeping for 30 minutes...
2025-10-08 10:13:05,944 [INFO] Sleeping for 30 minutes...
2025-10-08 10:13:07,271 [INFO] Connected 200
2025-10-08 10:13:07,293 [INFO] Connected 200
2025-10-08 10:13:07,391 [INFO] Sleeping for 30 minutes...
2025-10-08 10:13:07,395 [INFO] Sleeping for 30 minutes...
2025-10-08 10:13:08,731 [INFO] Connected 200
2025-10-08 10:13:08,733 [INFO] Connected 200
2025-10-08 10:13:09,065 [INFO] Sleeping for 30 minutes...
2025-10-08 10:13:09,069 [INFO] Sleeping for 30 minutes...
2025-10-08 10:13:10,427 [INFO] Connected 200
2025-10-08 10:13:10,441 [INFO] Connected 200
2025-10-08 10:13:10,510 [INFO] Sleeping for 30 minutes...
2025-10-08 10:13:10,608 [INFO] Sleeping for 30 minutes...
2025-10-08 10:13:11,849 [INFO] Connected 200
2025-10-08 10:13:11,944 [INFO] Connected 200
2025-10-08 10:13:12,385 [INFO] Sleeping for 30 minutes...
2025-10-08 10:13:12,388 [INFO] Sleeping for 30 minutes...
2025-10-08 10:13:13,719 [INFO] Connected 200
2025-10-08 10:13:13,720 [INFO] Connected 200
2025-10-08 10:13:14,057 [INFO] Sleeping for 30 minutes...
2025-10-08 10:13:14,063 [INFO] Sleeping for 30 minutes...
2025-10-08 10:13:15,331 [INFO] Connected 200
2025-10-08 10:13:15,372 [INFO] Connected 200
2025-10-08 10:13:15,493 [INFO] Sleeping for 30 minutes...
2025-10-08 10:13:15,593 [INFO] Sleeping for 30 minutes...
2025-10-08 10:13:16,808 [INFO] Connected 200
2025-10-08 10:13:16,905 [INFO] Connected 200
2025-10-08 10:13:17,240 [INFO] Sleeping for 30 minutes...
2025-10-08 10:13:17,243 [INFO] Sleeping for 30 minutes...
2025-10-08 10:13:18,557 [INFO] Connected 200
2025-10-08 10:13:18,574 [INFO] Connected 200
2025-10-08 10:13:18,673 [INFO] Sleeping for 30 minutes...
2025-10-08 10:13:18,675 [INFO] Sleeping for 30 minutes...
2025-10-08 10:13:19,982 [INFO] Connected 200
2025-10-08 10:13:19,985 [INFO] Connected 200
2025-10-08 10:13:20,248 [INFO] Sleeping for 30 minutes...
2025-10-08 10:13:20,250 [INFO] Sleeping for 30 minutes...
2025-10-08 10:13:21,552 [INFO] Connected 200
2025-10-08 10:13:21,554 [INFO] Connected 200
2025-10-08 10:13:21,809 [INFO] Sleeping for 30 minutes...
2025-10-08 10:13:21,811 [INFO] Sleeping for 30 minutes...
2025-10-08 10:13:23,116 [INFO] Connected 200
2025-10-08 10:13:23,122 [INFO] Connected 200
2025-10-08 10:13:23,355 [INFO] Sleeping for 30 minutes...
2025-10-08 10:13:23,358 [INFO] Sleeping for 30 minutes...
2025-10-08 10:13:24,662 [INFO] Connected 200
2025-10-08 10:13:24,681 [INFO] Connected 200
2025-10-08 10:13:25,221 [INFO] Sleeping for 30 minutes...
2025-10-08 10:13:25,225 [INFO] Sleeping for 30 minutes...
2025-10-08 10:13:26,552 [INFO] Connected 200
2025-10-08 10:13:26,565 [INFO] Connected 200
2025-10-08 10:13:27,055 [INFO] Sleeping for 30 minutes...
2025-10-08 10:13:27,058 [INFO] Sleeping for 30 minutes...
2025-10-08 10:13:28,402 [INFO] Connected 200
2025-10-08 10:13:28,403 [INFO] Connected 200
2025-10-08 10:13:28,699 [INFO] Sleeping for 30 minutes...
2025-10-08 10:13:28,702 [INFO] Sleeping for 30 minutes...
2025-10-08 10:13:30,035 [INFO] Connected 200
2025-10-08 10:13:30,046 [INFO] Connected 200
2025-10-08 10:13:30,379 [INFO] Sleeping for 30 minutes...
2025-10-08 10:13:30,385 [INFO] Sleeping for 30 minutes...
2025-10-08 10:13:31,723 [INFO] Connected 200
2025-10-08 10:13:31,735 [INFO] Connected 200
2025-10-08 10:13:31,938 [INFO] Sleeping for 30 minutes...
2025-10-08 10:13:31,945 [INFO] Sleeping for 30 minutes...
2025-10-08 10:13:33,252 [INFO] Connected 200
2025-10-08 10:13:33,279 [INFO] Connected 200
2025-10-08 10:13:33,625 [INFO] Sleeping for 30 minutes...
2025-10-08 10:13:33,630 [INFO] Sleeping for 30 minutes...
2025-10-08 10:13:34,927 [INFO] Connected 200
2025-10-08 10:13:34,931 [INFO] Connected 200
2025-10-08 10:13:35,198 [INFO] Sleeping for 30 minutes...
2025-10-08 10:13:35,201 [INFO] Sleeping for 30 minutes...
2025-10-08 10:13:36,510 [INFO] Connected 200
2025-10-08 10:13:36,526 [INFO] Connected 200
2025-10-08 10:13:36,834 [INFO] Sleeping for 30 minutes...
2025-10-08 10:13:36,836 [INFO] Sleeping for 30 minutes...
2025-10-08 10:13:38,166 [INFO] Connected 200
2025-10-08 10:13:38,167 [INFO] Connected 200
2025-10-08 10:13:38,455 [INFO] Sleeping for 30 minutes...
2025-10-08 10:13:38,459 [INFO] Sleeping for 30 minutes...
2025-10-08 10:13:39,767 [INFO] Connected 200
2025-10-08 10:13:39,798 [INFO] Connected 200
2025-10-08 10:13:39,901 [INFO] Sleeping for 30 minutes...
2025-10-08 10:13:39,903 [INFO] Sleeping for 30 minutes...
2025-10-08 10:13:41,204 [INFO] Connected 200
2025-10-08 10:13:41,209 [INFO] Connected 200
2025-10-08 10:13:41,436 [INFO] Sleeping for 30 minutes...
2025-10-08 10:13:41,438 [INFO] Sleeping for 30 minutes...
2025-10-08 10:13:42,753 [INFO] Connected 200
2025-10-08 10:13:42,755 [INFO] Connected 200
2025-10-08 10:13:43,026 [INFO] Sleeping for 30 minutes...
2025-10-08 10:13:43,029 [INFO] Sleeping for 30 minutes...
2025-10-08 10:13:44,367 [INFO] Connected 200
2025-10-08 10:13:44,378 [INFO] Connected 200
2025-10-08 10:13:44,569 [INFO] Sleeping for 30 minutes...
2025-10-08 10:13:44,571 [INFO] Sleeping for 30 minutes...
2025-10-08 10:13:45,844 [INFO] Connected 200
2025-10-08 10:13:45,876 [INFO] Connected 200
2025-10-08 10:13:46,003 [INFO] Sleeping for 30 minutes...
2025-10-08 10:13:46,025 [INFO] Sleeping for 30 minutes...
2025-10-08 10:13:47,324 [INFO] Connected 200
2025-10-08 10:13:47,334 [INFO] Connected 200
2025-10-08 10:13:47,613 [INFO] Sleeping for 30 minutes...
2025-10-08 10:13:47,616 [INFO] Sleeping for 30 minutes...
2025-10-08 10:13:48,924 [INFO] Connected 200
2025-10-08 10:13:48,934 [INFO] Connected 200
2025-10-08 10:13:49,196 [INFO] Sleeping for 30 minutes...
2025-10-08 10:13:49,199 [INFO] Sleeping for 30 minutes...
2025-10-08 10:13:50,520 [INFO] Connected 200
2025-10-08 10:13:50,534 [INFO] Connected 200
2025-10-08 10:13:50,794 [INFO] Sleeping for 30 minutes...
2025-10-08 10:13:50,888 [INFO] Sleeping for 30 minutes...
2025-10-08 10:13:52,140 [INFO] Connected 200
2025-10-08 10:13:52,224 [INFO] Connected 200
2025-10-08 10:13:52,331 [INFO] Sleeping for 30 minutes...
2025-10-08 10:13:52,520 [INFO] Sleeping for 30 minutes...
2025-10-08 10:13:53,665 [INFO] Connected 200
2025-10-08 10:13:53,818 [INFO] Connected 200
2025-10-08 10:13:53,988 [INFO] Sleeping for 30 minutes...
2025-10-08 10:13:54,091 [INFO] Sleeping for 30 minutes...
2025-10-08 10:13:55,339 [INFO] Connected 200
2025-10-08 10:13:55,444 [INFO] Connected 200
2025-10-08 10:13:55,820 [INFO] Sleeping for 30 minutes...
2025-10-08 10:13:55,823 [INFO] Sleeping for 30 minutes...
2025-10-08 10:13:57,142 [INFO] Connected 200
2025-10-08 10:13:57,157 [INFO] Connected 200
2025-10-08 10:13:57,450 [INFO] Sleeping for 30 minutes...
2025-10-08 10:13:57,452 [INFO] Sleeping for 30 minutes...
2025-10-08 10:13:58,769 [INFO] Connected 200
2025-10-08 10:13:58,775 [INFO] Connected 200
2025-10-08 10:13:59,083 [INFO] Sleeping for 30 minutes...
2025-10-08 10:13:59,088 [INFO] Sleeping for 30 minutes...
2025-10-08 10:14:00,379 [INFO] Connected 200
2025-10-08 10:14:00,426 [INFO] Connected 200
2025-10-08 10:14:00,641 [INFO] Sleeping for 30 minutes...
2025-10-08 10:14:00,796 [INFO] Sleeping for 30 minutes...
2025-10-08 10:14:01,960 [INFO] Connected 200
2025-10-08 10:14:02,140 [INFO] Connected 200
2025-10-08 10:14:02,504 [INFO] Sleeping for 30 minutes...
2025-10-08 10:14:02,507 [INFO] Sleeping for 30 minutes...
2025-10-08 10:14:03,801 [INFO] Connected 200
2025-10-08 10:14:03,840 [INFO] Connected 200
2025-10-08 10:14:04,057 [INFO] Sleeping for 30 minutes...
2025-10-08 10:14:04,153 [INFO] Sleeping for 30 minutes...
2025-10-08 10:14:05,380 [INFO] Connected 200
2025-10-08 10:14:05,476 [INFO] Connected 200
2025-10-08 10:14:05,644 [INFO] Sleeping for 30 minutes...
2025-10-08 10:14:05,747 [INFO] Sleeping for 30 minutes...
2025-10-08 10:14:07,008 [INFO] Connected 200
2025-10-08 10:14:07,101 [INFO] Connected 200
2025-10-08 10:14:07,255 [INFO] Sleeping for 30 minutes...
2025-10-08 10:14:07,354 [INFO] Sleeping for 30 minutes...
2025-10-08 10:14:08,584 [INFO] Connected 200
2025-10-08 10:14:08,671 [INFO] Connected 200
2025-10-08 10:14:08,877 [INFO] Sleeping for 30 minutes...
2025-10-08 10:14:08,987 [INFO] Sleeping for 30 minutes...
2025-10-08 10:14:10,198 [INFO] Connected 200
2025-10-08 10:14:10,260 [INFO] Connected 200
2025-10-08 10:14:10,752 [INFO] Sleeping for 30 minutes...
2025-10-08 10:14:10,756 [INFO] Sleeping for 30 minutes...
2025-10-08 10:14:12,102 [INFO] Connected 200
2025-10-08 10:14:12,105 [INFO] Connected 200
2025-10-08 10:14:12,225 [INFO] Sleeping for 30 minutes...
2025-10-08 10:14:12,228 [INFO] Sleeping for 30 minutes...
2025-10-08 10:14:13,534 [INFO] Connected 200
2025-10-08 10:14:13,569 [INFO] Connected 200
2025-10-08 10:14:13,843 [INFO] Sleeping for 30 minutes...
2025-10-08 10:14:13,847 [INFO] Sleeping for 30 minutes...
2025-10-08 10:14:15,181 [INFO] Connected 200
2025-10-08 10:14:15,208 [INFO] Connected 200
2025-10-08 10:14:15,463 [INFO] Sleeping for 30 minutes...
2025-10-08 10:14:15,476 [INFO] Sleeping for 30 minutes...
2025-10-08 10:14:16,819 [INFO] Connected 200
2025-10-08 10:14:16,825 [INFO] Connected 200
2025-10-08 10:14:17,024 [INFO] Sleeping for 30 minutes...
2025-10-08 10:14:17,026 [INFO] Sleeping for 30 minutes...
2025-10-08 10:14:18,349 [INFO] Connected 200
2025-10-08 10:14:18,352 [INFO] Connected 200
2025-10-08 10:14:18,610 [INFO] Sleeping for 30 minutes...
2025-10-08 10:14:18,612 [INFO] Sleeping for 30 minutes...
2025-10-08 10:14:19,952 [INFO] Connected 200
2025-10-08 10:14:20,168 [INFO] Sleeping for 30 minutes...
